// Jest Snapshot v1, https://goo.gl/fbAQLP

exports[`The swrs-browser page renders the diff component when it has two defined xml reports & showDiff is set to true 1`] = `
<Relay(DefaultLayout)
  session={null}
  title="ECCC SWRS XML Diff"
  width="wide"
>
  <Row
    noGutters={false}
  >
    <Col
      md={
        Object {
          "order": 1,
          "span": 6,
        }
      }
    >
      <ReportSelector
        allReports={null}
        diffSide="First"
        router={
          Object {
            "query": Object {
              "FirstSideId": "1",
              "FirstSideRelayId": "abc",
              "SecondSideId": "2",
              "SecondSideRelayId": "def",
            },
          }
        }
      />
    </Col>
    <Col
      md={
        Object {
          "order": 2,
          "span": 6,
        }
      }
    >
      <ReportSelector
        allReports={null}
        diffSide="Second"
        router={
          Object {
            "query": Object {
              "FirstSideId": "1",
              "FirstSideRelayId": "abc",
              "SecondSideId": "2",
              "SecondSideRelayId": "def",
            },
          }
        }
      />
    </Col>
  </Row>
  <DiffDetails
    router={
      Object {
        "query": Object {
          "FirstSideId": "1",
          "FirstSideRelayId": "abc",
          "SecondSideId": "2",
          "SecondSideRelayId": "def",
        },
      }
    }
  />
  <Relay(DiffDetailsContainer)
    query={
      Object {
        " $fragmentRefs": Object {
          "DiffDetailsContainer_query": true,
          "RenderDiff_query": true,
        },
        "allReports": Object {
          "edges": null,
        },
        "session": null,
      }
    }
    router={
      Object {
        "query": Object {
          "FirstSideId": "1",
          "FirstSideRelayId": "abc",
          "SecondSideId": "2",
          "SecondSideRelayId": "def",
        },
      }
    }
  />
  <Relay(RenderDiff)
    query={
      Object {
        " $fragmentRefs": Object {
          "DiffDetailsContainer_query": true,
          "RenderDiff_query": true,
        },
        "allReports": Object {
          "edges": null,
        },
        "session": null,
      }
    }
    router={
      Object {
        "query": Object {
          "FirstSideId": "1",
          "FirstSideRelayId": "abc",
          "SecondSideId": "2",
          "SecondSideRelayId": "def",
        },
      }
    }
  />
</Relay(DefaultLayout)>
`;
